Component: ARM Compiler 5.06 update 7 (build 960) Tool: armlink [4d3601]

==============================================================================

Section Cross References

    main.o(i.main) refers to _printf_percent.o(.ARM.Collect$$_printf_percent$$00000000) for _printf_percent
    main.o(i.main) refers to _printf_u.o(.ARM.Collect$$_printf_percent$$0000000A) for _printf_u
    main.o(i.main) refers to _printf_dec.o(.text) for _printf_int_dec
    main.o(i.main) refers to sysclockconfig.o(i.SysClockConfig) for SysClockConfig
    main.o(i.main) refers to main.o(i.encoder_init) for encoder_init
    main.o(i.main) refers to glcd_st7735.o(i.ST7735_Init) for ST7735_Init
    main.o(i.main) refers to glcd_st7735.o(i.ST7735_FillScreen) for ST7735_FillScreen
    main.o(i.main) refers to noretval__2sprintf.o(.text) for __2sprintf
    main.o(i.main) refers to glcd_st7735.o(i.ST7735_DrawString) for ST7735_DrawString
    main.o(i.main) refers to main.o(.data) for cnt_current
    main.o(i.main) refers to main.o(.bss) for data
    glcd_st7735.o(i.ST7735_DrawBitmap) refers to glcd_st7735.o(i.setAddrWindow) for setAddrWindow
    glcd_st7735.o(i.ST7735_DrawBitmap) refers to glcd_st7735.o(i.writedata) for writedata
    glcd_st7735.o(i.ST7735_DrawBitmap) refers to glcd_st7735.o(.data) for _width
    glcd_st7735.o(i.ST7735_DrawChar) refers to glcd_st7735.o(i.setAddrWindow) for setAddrWindow
    glcd_st7735.o(i.ST7735_DrawChar) refers to glcd_st7735.o(i.pushColor) for pushColor
    glcd_st7735.o(i.ST7735_DrawChar) refers to glcd_st7735.o(.data) for _width
    glcd_st7735.o(i.ST7735_DrawChar) refers to glcd_st7735.o(.constdata) for Font
    glcd_st7735.o(i.ST7735_DrawCharS) refers to glcd_st7735.o(i.ST7735_DrawPixel) for ST7735_DrawPixel
    glcd_st7735.o(i.ST7735_DrawCharS) refers to glcd_st7735.o(i.ST7735_FillRect) for ST7735_FillRect
    glcd_st7735.o(i.ST7735_DrawCharS) refers to glcd_st7735.o(.data) for _width
    glcd_st7735.o(i.ST7735_DrawCharS) refers to glcd_st7735.o(.constdata) for Font
    glcd_st7735.o(i.ST7735_DrawFastHLine) refers to glcd_st7735.o(i.setAddrWindow) for setAddrWindow
    glcd_st7735.o(i.ST7735_DrawFastHLine) refers to glcd_st7735.o(i.writedata) for writedata
    glcd_st7735.o(i.ST7735_DrawFastHLine) refers to glcd_st7735.o(.data) for _width
    glcd_st7735.o(i.ST7735_DrawFastVLine) refers to glcd_st7735.o(i.setAddrWindow) for setAddrWindow
    glcd_st7735.o(i.ST7735_DrawFastVLine) refers to glcd_st7735.o(i.writedata) for writedata
    glcd_st7735.o(i.ST7735_DrawFastVLine) refers to glcd_st7735.o(.data) for _width
    glcd_st7735.o(i.ST7735_DrawPixel) refers to glcd_st7735.o(i.setAddrWindow) for setAddrWindow
    glcd_st7735.o(i.ST7735_DrawPixel) refers to glcd_st7735.o(i.pushColor) for pushColor
    glcd_st7735.o(i.ST7735_DrawPixel) refers to glcd_st7735.o(.data) for _width
    glcd_st7735.o(i.ST7735_DrawString) refers to glcd_st7735.o(i.ST7735_DrawCharS) for ST7735_DrawCharS
    glcd_st7735.o(i.ST7735_Drawaxes) refers to glcd_st7735.o(i.ST7735_FillRect) for ST7735_FillRect
    glcd_st7735.o(i.ST7735_Drawaxes) refers to glcd_st7735.o(i.ST7735_DrawFastHLine) for ST7735_DrawFastHLine
    glcd_st7735.o(i.ST7735_Drawaxes) refers to glcd_st7735.o(i.ST7735_DrawFastVLine) for ST7735_DrawFastVLine
    glcd_st7735.o(i.ST7735_Drawaxes) refers to glcd_st7735.o(i.ST7735_DrawPixel) for ST7735_DrawPixel
    glcd_st7735.o(i.ST7735_Drawaxes) refers to glcd_st7735.o(i.ST7735_DrawChar) for ST7735_DrawChar
    glcd_st7735.o(i.ST7735_Drawaxes) refers to glcd_st7735.o(.data) for Ymax
    glcd_st7735.o(i.ST7735_FillRect) refers to glcd_st7735.o(i.setAddrWindow) for setAddrWindow
    glcd_st7735.o(i.ST7735_FillRect) refers to glcd_st7735.o(i.writedata) for writedata
    glcd_st7735.o(i.ST7735_FillRect) refers to glcd_st7735.o(.data) for _width
    glcd_st7735.o(i.ST7735_FillScreen) refers to glcd_st7735.o(i.ST7735_FillRect) for ST7735_FillRect
    glcd_st7735.o(i.ST7735_FillScreen) refers to glcd_st7735.o(.data) for _height
    glcd_st7735.o(i.ST7735_Init) refers to glcd_st7735.o(i.ST7735_GPIO_Init) for ST7735_GPIO_Init
    glcd_st7735.o(i.ST7735_Init) refers to glcd_st7735.o(i.ST7735_SPI_Init) for ST7735_SPI_Init
    glcd_st7735.o(i.ST7735_Init) refers to glcd_st7735.o(i.standard_Init_Cmd) for standard_Init_Cmd
    glcd_st7735.o(i.ST7735_PlotBar) refers to glcd_st7735.o(i.ST7735_DrawFastVLine) for ST7735_DrawFastVLine
    glcd_st7735.o(i.ST7735_PlotBar) refers to glcd_st7735.o(.data) for Ymin
    glcd_st7735.o(i.ST7735_PlotClear) refers to glcd_st7735.o(i.ST7735_Color565) for ST7735_Color565
    glcd_st7735.o(i.ST7735_PlotClear) refers to glcd_st7735.o(i.ST7735_FillRect) for ST7735_FillRect
    glcd_st7735.o(i.ST7735_PlotClear) refers to glcd_st7735.o(.data) for Ymax
    glcd_st7735.o(i.ST7735_PlotIncrement) refers to glcd_st7735.o(i.ST7735_DrawFastVLine) for ST7735_DrawFastVLine
    glcd_st7735.o(i.ST7735_PlotIncrement) refers to glcd_st7735.o(.data) for TimeIndex
    glcd_st7735.o(i.ST7735_PlotLine) refers to glcd_st7735.o(i.ST7735_DrawPixel) for ST7735_DrawPixel
    glcd_st7735.o(i.ST7735_PlotLine) refers to glcd_st7735.o(.data) for Ymin
    glcd_st7735.o(i.ST7735_PlotNext) refers to glcd_st7735.o(.data) for X
    glcd_st7735.o(i.ST7735_PlotPoint) refers to glcd_st7735.o(i.ST7735_DrawPixel) for ST7735_DrawPixel
    glcd_st7735.o(i.ST7735_PlotPoint) refers to glcd_st7735.o(.data) for Ymin
    glcd_st7735.o(i.ST7735_SPI_Init) refers to spi.o(i.spi_init) for spi_init
    glcd_st7735.o(i.ST7735_SetCursor) refers to glcd_st7735.o(.data) for StX
    glcd_st7735.o(i.ST7735_SimplePlotPoint) refers to glcd_st7735.o(i.ST7735_DrawPixel) for ST7735_DrawPixel
    glcd_st7735.o(i.ST7735_SimplePlotPoint) refers to glcd_st7735.o(.data) for Ymin
    glcd_st7735.o(i.lcd7735_at) refers to glcd_st7735.o(i.lcd7735_sendCmd) for lcd7735_sendCmd
    glcd_st7735.o(i.lcd7735_at) refers to glcd_st7735.o(i.lcd7735_senddata) for lcd7735_senddata
    glcd_st7735.o(i.lcd7735_sendCmd) refers to glcd_st7735.o(i.lcd7735_senddata) for lcd7735_senddata
    glcd_st7735.o(i.lcd7735_sendData) refers to glcd_st7735.o(i.lcd7735_senddata) for lcd7735_senddata
    glcd_st7735.o(i.lcd7735_senddata) refers to spi.o(i.spi_write) for spi_write
    glcd_st7735.o(i.pushColor) refers to glcd_st7735.o(i.writedata) for writedata
    glcd_st7735.o(i.setAddrWindow) refers to glcd_st7735.o(i.writecommand) for writecommand
    glcd_st7735.o(i.setAddrWindow) refers to glcd_st7735.o(i.writedata) for writedata
    glcd_st7735.o(i.setAddrWindow) refers to glcd_st7735.o(.data) for ColStart
    glcd_st7735.o(i.standard_Init_Cmd) refers to delay.o(i.delay) for delay
    glcd_st7735.o(i.standard_Init_Cmd) refers to glcd_st7735.o(i.lcd7735_sendCmd) for lcd7735_sendCmd
    glcd_st7735.o(i.standard_Init_Cmd) refers to glcd_st7735.o(i.lcd7735_sendData) for lcd7735_sendData
    glcd_st7735.o(i.writecommand) refers to glcd_st7735.o(i.lcd7735_senddata) for lcd7735_senddata
    glcd_st7735.o(i.writecommand) refers to delay.o(i.delayuS) for delayuS
    glcd_st7735.o(i.writedata) refers to glcd_st7735.o(i.lcd7735_senddata) for lcd7735_senddata
    glcd_st7735.o(i.writedata) refers to delay.o(i.delayuS) for delayuS
    spi.o(i.spi_print) refers to spi.o(i.spi_write) for spi_write
    startup_stm32f411xe.o(STACK) refers (Special) to heapauxi.o(.text) for __use_two_region_memory
    startup_stm32f411xe.o(HEAP) refers (Special) to heapauxi.o(.text) for __use_two_region_memory
    startup_stm32f411xe.o(RESET) refers (Special) to heapauxi.o(.text) for __use_two_region_memory
    startup_stm32f411xe.o(RESET) refers to startup_stm32f411xe.o(STACK) for __initial_sp
    startup_stm32f411xe.o(RESET) refers to startup_stm32f411xe.o(.text) for Reset_Handler
    startup_stm32f411xe.o(.text) refers (Special) to heapauxi.o(.text) for __use_two_region_memory
    startup_stm32f411xe.o(.text) refers to system_stm32f4xx.o(i.SystemInit) for SystemInit
    startup_stm32f411xe.o(.text) refers to __main.o(!!!main) for __main
    startup_stm32f411xe.o(.text) refers to startup_stm32f411xe.o(HEAP) for Heap_Mem
    startup_stm32f411xe.o(.text) refers to startup_stm32f411xe.o(STACK) for Stack_Mem
    system_stm32f4xx.o(i.SystemCoreClockUpdate) refers to system_stm32f4xx.o(.data) for SystemCoreClock
    system_stm32f4xx.o(i.SystemCoreClockUpdate) refers to system_stm32f4xx.o(.constdata) for AHBPrescTable
    __2sprintf.o(.text) refers to _printf_char_common.o(.text) for _printf_char_common
    __2sprintf.o(.text) refers to _sputc.o(.text) for _sputc
    noretval__2sprintf.o(.text) refers to _printf_char_common.o(.text) for _printf_char_common
    noretval__2sprintf.o(.text) refers to _sputc.o(.text) for _sputc
    __printf.o(.text) refers to _printf_percent.o(.ARM.Collect$$_printf_percent$$00000000) for _printf_percent
    _printf_dec.o(.text) refers to _printf_intcommon.o(.text) for _printf_int_common
    __printf_flags.o(.text) refers to _printf_percent.o(.ARM.Collect$$_printf_percent$$00000000) for _printf_percent
    __printf_flags.o(.text) refers to __printf_flags.o(.constdata) for .constdata
    __printf_ss.o(.text) refers to _printf_percent.o(.ARM.Collect$$_printf_percent$$00000000) for _printf_percent
    __printf_flags_ss.o(.text) refers to _printf_percent.o(.ARM.Collect$$_printf_percent$$00000000) for _printf_percent
    __printf_flags_ss.o(.text) refers to __printf_flags_ss.o(.constdata) for .constdata
    __printf_wp.o(.text) refers to __printf_wp.o(i._is_digit) for _is_digit
    __printf_wp.o(.text) refers to _printf_percent.o(.ARM.Collect$$_printf_percent$$00000000) for _printf_percent
    __printf_flags_wp.o(.text) refers to __printf_wp.o(i._is_digit) for _is_digit
    __printf_flags_wp.o(.text) refers to _printf_percent.o(.ARM.Collect$$_printf_percent$$00000000) for _printf_percent
    __printf_flags_wp.o(.text) refers to __printf_flags_wp.o(.constdata) for .constdata
    __printf_ss_wp.o(.text) refers to __printf_wp.o(i._is_digit) for _is_digit
    __printf_ss_wp.o(.text) refers to _printf_percent.o(.ARM.Collect$$_printf_percent$$00000000) for _printf_percent
    __printf_flags_ss_wp.o(.text) refers to __printf_wp.o(i._is_digit) for _is_digit
    __printf_flags_ss_wp.o(.text) refers to _printf_percent.o(.ARM.Collect$$_printf_percent$$00000000) for _printf_percent
    __printf_flags_ss_wp.o(.text) refers to __printf_flags_ss_wp.o(.constdata) for .constdata
    _printf_u.o(.ARM.Collect$$_printf_percent$$0000000A) refers (Weak) to _printf_dec.o(.text) for _printf_int_dec
    _printf_percent.o(.ARM.Collect$$_printf_percent$$00000000) refers (Special) to _printf_percent_end.o(.ARM.Collect$$_printf_percent$$00000017) for _printf_percent_end
    __main.o(!!!main) refers to __rtentry.o(.ARM.Collect$$rtentry$$00000000) for __rt_entry
    __rtentry.o(.ARM.Collect$$rtentry$$00000000) refers (Special) to __rtentry2.o(.ARM.Collect$$rtentry$$0000000A) for __rt_entry_li
    __rtentry.o(.ARM.Collect$$rtentry$$00000000) refers (Special) to __rtentry2.o(.ARM.Collect$$rtentry$$0000000D) for __rt_entry_main
    __rtentry.o(.ARM.Collect$$rtentry$$00000000) refers (Special) to __rtentry2.o(.ARM.Collect$$rtentry$$0000000C) for __rt_entry_postli_1
    __rtentry.o(.ARM.Collect$$rtentry$$00000000) refers (Special) to __rtentry2.o(.ARM.Collect$$rtentry$$00000009) for __rt_entry_postsh_1
    __rtentry.o(.ARM.Collect$$rtentry$$00000000) refers (Special) to __rtentry2.o(.ARM.Collect$$rtentry$$00000002) for __rt_entry_presh_1
    __rtentry.o(.ARM.Collect$$rtentry$$00000000) refers (Special) to __rtentry4.o(.ARM.Collect$$rtentry$$00000004) for __rt_entry_sh
    _printf_char_common.o(.text) refers to __printf.o(.text) for __printf
    __rtentry2.o(.ARM.Collect$$rtentry$$00000008) refers to boardinit2.o(.text) for _platform_post_stackheap_init
    __rtentry2.o(.ARM.Collect$$rtentry$$0000000A) refers to libinit.o(.ARM.Collect$$libinit$$00000000) for __rt_lib_init
    __rtentry2.o(.ARM.Collect$$rtentry$$0000000B) refers to boardinit3.o(.text) for _platform_post_lib_init
    __rtentry2.o(.ARM.Collect$$rtentry$$0000000D) refers to main.o(i.main) for main
    __rtentry2.o(.ARM.Collect$$rtentry$$0000000D) refers to exit.o(.text) for exit
    __rtentry2.o(.ARM.exidx) refers to __rtentry2.o(.ARM.Collect$$rtentry$$00000001) for .ARM.Collect$$rtentry$$00000001
    __rtentry2.o(.ARM.exidx) refers to __rtentry2.o(.ARM.Collect$$rtentry$$00000008) for .ARM.Collect$$rtentry$$00000008
    __rtentry2.o(.ARM.exidx) refers to __rtentry2.o(.ARM.Collect$$rtentry$$0000000A) for .ARM.Collect$$rtentry$$0000000A
    __rtentry2.o(.ARM.exidx) refers to __rtentry2.o(.ARM.Collect$$rtentry$$0000000B) for .ARM.Collect$$rtentry$$0000000B
    __rtentry2.o(.ARM.exidx) refers to __rtentry2.o(.ARM.Collect$$rtentry$$0000000D) for .ARM.Collect$$rtentry$$0000000D
    __rtentry4.o(.ARM.Collect$$rtentry$$00000004) refers to sys_stackheap_outer.o(.text) for __user_setup_stackheap
    __rtentry4.o(.ARM.exidx) refers to __rtentry4.o(.ARM.Collect$$rtentry$$00000004) for .ARM.Collect$$rtentry$$00000004
    sys_stackheap_outer.o(.text) refers to libspace.o(.text) for __user_perproc_libspace
    sys_stackheap_outer.o(.text) refers to startup_stm32f411xe.o(.text) for __user_initial_stackheap
    exit.o(.text) refers to rtexit.o(.ARM.Collect$$rtexit$$00000000) for __rt_exit
    libinit.o(.ARM.Collect$$libinit$$00000000) refers (Special) to libinit2.o(.ARM.Collect$$libinit$$0000002E) for __rt_lib_init_alloca_1
    libinit.o(.ARM.Collect$$libinit$$00000000) refers (Special) to libinit2.o(.ARM.Collect$$libinit$$0000002C) for __rt_lib_init_argv_1
    libinit.o(.ARM.Collect$$libinit$$00000000) refers (Special) to libinit2.o(.ARM.Collect$$libinit$$0000001B) for __rt_lib_init_atexit_1
    libinit.o(.ARM.Collect$$libinit$$00000000) refers (Special) to libinit2.o(.ARM.Collect$$libinit$$00000021) for __rt_lib_init_clock_1
    libinit.o(.ARM.Collect$$libinit$$00000000) refers (Special) to libinit2.o(.ARM.Collect$$libinit$$00000032) for __rt_lib_init_cpp_1
    libinit.o(.ARM.Collect$$libinit$$00000000) refers (Special) to libinit2.o(.ARM.Collect$$libinit$$00000030) for __rt_lib_init_exceptions_1
    libinit.o(.ARM.Collect$$libinit$$00000000) refers (Special) to libinit2.o(.ARM.Collect$$libinit$$00000001) for __rt_lib_init_fp_1
    libinit.o(.ARM.Collect$$libinit$$00000000) refers (Special) to libinit2.o(.ARM.Collect$$libinit$$0000001F) for __rt_lib_init_fp_trap_1
    libinit.o(.ARM.Collect$$libinit$$00000000) refers (Special) to libinit2.o(.ARM.Collect$$libinit$$00000023) for __rt_lib_init_getenv_1
    libinit.o(.ARM.Collect$$libinit$$00000000) refers (Special) to libinit2.o(.ARM.Collect$$libinit$$0000000A) for __rt_lib_init_heap_1
    libinit.o(.ARM.Collect$$libinit$$00000000) refers (Special) to libinit2.o(.ARM.Collect$$libinit$$00000011) for __rt_lib_init_lc_collate_1
    libinit.o(.ARM.Collect$$libinit$$00000000) refers (Special) to libinit2.o(.ARM.Collect$$libinit$$00000013) for __rt_lib_init_lc_ctype_1
    libinit.o(.ARM.Collect$$libinit$$00000000) refers (Special) to libinit2.o(.ARM.Collect$$libinit$$00000015) for __rt_lib_init_lc_monetary_1
    libinit.o(.ARM.Collect$$libinit$$00000000) refers (Special) to libinit2.o(.ARM.Collect$$libinit$$00000017) for __rt_lib_init_lc_numeric_1
    libinit.o(.ARM.Collect$$libinit$$00000000) refers (Special) to libinit2.o(.ARM.Collect$$libinit$$00000019) for __rt_lib_init_lc_time_1
    libinit.o(.ARM.Collect$$libinit$$00000000) refers (Special) to libinit2.o(.ARM.Collect$$libinit$$00000004) for __rt_lib_init_preinit_1
    libinit.o(.ARM.Collect$$libinit$$00000000) refers (Special) to libinit2.o(.ARM.Collect$$libinit$$0000000E) for __rt_lib_init_rand_1
    libinit.o(.ARM.Collect$$libinit$$00000000) refers (Special) to libinit2.o(.ARM.Collect$$libinit$$00000033) for __rt_lib_init_return
    libinit.o(.ARM.Collect$$libinit$$00000000) refers (Special) to libinit2.o(.ARM.Collect$$libinit$$0000001D) for __rt_lib_init_signal_1
    libinit.o(.ARM.Collect$$libinit$$00000000) refers (Special) to libinit2.o(.ARM.Collect$$libinit$$00000025) for __rt_lib_init_stdio_1
    libinit.o(.ARM.Collect$$libinit$$00000000) refers (Special) to libinit2.o(.ARM.Collect$$libinit$$0000000C) for __rt_lib_init_user_alloc_1
    libspace.o(.text) refers to libspace.o(.bss) for __libspace_start
    rtexit.o(.ARM.Collect$$rtexit$$00000000) refers (Special) to rtexit2.o(.ARM.Collect$$rtexit$$00000004) for __rt_exit_exit
    rtexit.o(.ARM.Collect$$rtexit$$00000000) refers (Special) to rtexit2.o(.ARM.Collect$$rtexit$$00000003) for __rt_exit_ls
    rtexit.o(.ARM.Collect$$rtexit$$00000000) refers (Special) to rtexit2.o(.ARM.Collect$$rtexit$$00000002) for __rt_exit_prels_1
    rtexit.o(.ARM.exidx) refers (Special) to rtexit2.o(.ARM.Collect$$rtexit$$00000004) for __rt_exit_exit
    rtexit.o(.ARM.exidx) refers (Special) to rtexit2.o(.ARM.Collect$$rtexit$$00000003) for __rt_exit_ls
    rtexit.o(.ARM.exidx) refers (Special) to rtexit2.o(.ARM.Collect$$rtexit$$00000002) for __rt_exit_prels_1
    rtexit.o(.ARM.exidx) refers to rtexit.o(.ARM.Collect$$rtexit$$00000000) for .ARM.Collect$$rtexit$$00000000
    libinit2.o(.ARM.Collect$$libinit$$00000001) refers to fpinit.o(x$fpl$fpinit) for _fp_init
    libinit2.o(.ARM.Collect$$libinit$$00000010) refers to libinit2.o(.ARM.Collect$$libinit$$0000000F) for .ARM.Collect$$libinit$$0000000F
    libinit2.o(.ARM.Collect$$libinit$$00000012) refers to libinit2.o(.ARM.Collect$$libinit$$0000000F) for .ARM.Collect$$libinit$$0000000F
    libinit2.o(.ARM.Collect$$libinit$$00000014) refers to libinit2.o(.ARM.Collect$$libinit$$0000000F) for .ARM.Collect$$libinit$$0000000F
    libinit2.o(.ARM.Collect$$libinit$$00000016) refers to libinit2.o(.ARM.Collect$$libinit$$0000000F) for .ARM.Collect$$libinit$$0000000F
    libinit2.o(.ARM.Collect$$libinit$$00000018) refers to libinit2.o(.ARM.Collect$$libinit$$0000000F) for .ARM.Collect$$libinit$$0000000F
    libinit2.o(.ARM.Collect$$libinit$$00000026) refers to argv_veneer.o(.emb_text) for __ARM_argv_veneer
    libinit2.o(.ARM.Collect$$libinit$$00000027) refers to argv_veneer.o(.emb_text) for __ARM_argv_veneer
    rtexit2.o(.ARM.Collect$$rtexit$$00000003) refers to libshutdown.o(.ARM.Collect$$libshutdown$$00000000) for __rt_lib_shutdown
    rtexit2.o(.ARM.Collect$$rtexit$$00000004) refers to sys_exit.o(.text) for _sys_exit
    rtexit2.o(.ARM.exidx) refers to rtexit2.o(.ARM.Collect$$rtexit$$00000001) for .ARM.Collect$$rtexit$$00000001
    rtexit2.o(.ARM.exidx) refers to rtexit2.o(.ARM.Collect$$rtexit$$00000003) for .ARM.Collect$$rtexit$$00000003
    rtexit2.o(.ARM.exidx) refers to rtexit2.o(.ARM.Collect$$rtexit$$00000004) for .ARM.Collect$$rtexit$$00000004
    argv_veneer.o(.emb_text) refers to no_argv.o(.text) for __ARM_get_argv
    sys_exit.o(.text) refers (Special) to use_no_semi.o(.text) for __I$use$semihosting
    sys_exit.o(.text) refers (Special) to indicate_semi.o(.text) for __semihosting_library_function
    _get_argv_nomalloc.o(.text) refers (Special) to hrguard.o(.text) for __heap_region$guard
    _get_argv_nomalloc.o(.text) refers to defsig_rtmem_outer.o(.text) for __rt_SIGRTMEM
    _get_argv_nomalloc.o(.text) refers to sys_command.o(.text) for _sys_command_string
    libshutdown.o(.ARM.Collect$$libshutdown$$00000000) refers (Special) to libshutdown2.o(.ARM.Collect$$libshutdown$$00000004) for __rt_lib_shutdown_cpp_1
    libshutdown.o(.ARM.Collect$$libshutdown$$00000000) refers (Special) to libshutdown2.o(.ARM.Collect$$libshutdown$$00000002) for __rt_lib_shutdown_fini_1
    libshutdown.o(.ARM.Collect$$libshutdown$$00000000) refers (Special) to libshutdown2.o(.ARM.Collect$$libshutdown$$00000009) for __rt_lib_shutdown_fp_trap_1
    libshutdown.o(.ARM.Collect$$libshutdown$$00000000) refers (Special) to libshutdown2.o(.ARM.Collect$$libshutdown$$00000011) for __rt_lib_shutdown_heap_1
    libshutdown.o(.ARM.Collect$$libshutdown$$00000000) refers (Special) to libshutdown2.o(.ARM.Collect$$libshutdown$$00000012) for __rt_lib_shutdown_return
    libshutdown.o(.ARM.Collect$$libshutdown$$00000000) refers (Special) to libshutdown2.o(.ARM.Collect$$libshutdown$$0000000C) for __rt_lib_shutdown_signal_1
    libshutdown.o(.ARM.Collect$$libshutdown$$00000000) refers (Special) to libshutdown2.o(.ARM.Collect$$libshutdown$$00000006) for __rt_lib_shutdown_stdio_1
    libshutdown.o(.ARM.Collect$$libshutdown$$00000000) refers (Special) to libshutdown2.o(.ARM.Collect$$libshutdown$$0000000E) for __rt_lib_shutdown_user_alloc_1
    sys_command.o(.text) refers (Special) to use_no_semi.o(.text) for __I$use$semihosting
    sys_command.o(.text) refers (Special) to indicate_semi.o(.text) for __semihosting_library_function
    defsig_rtmem_outer.o(.text) refers to defsig_rtmem_inner.o(.text) for __rt_SIGRTMEM_inner
    defsig_rtmem_outer.o(.text) refers to defsig_exit.o(.text) for __sig_exit
    defsig_rtmem_formal.o(.text) refers to rt_raise.o(.text) for __rt_raise
    rt_raise.o(.text) refers to __raise.o(.text) for __raise
    rt_raise.o(.text) refers to sys_exit.o(.text) for _sys_exit
    defsig_exit.o(.text) refers to sys_exit.o(.text) for _sys_exit
    defsig_rtmem_inner.o(.text) refers to defsig_general.o(.text) for __default_signal_display
    __raise.o(.text) refers to defsig.o(CL$$defsig) for __default_signal_handler
    defsig_general.o(.text) refers to sys_wrch.o(.text) for _ttywrch
    sys_wrch.o(.text) refers (Special) to use_no_semi.o(.text) for __I$use$semihosting
    sys_wrch.o(.text) refers (Special) to indicate_semi.o(.text) for __semihosting_library_function
    defsig.o(CL$$defsig) refers to defsig_rtmem_inner.o(.text) for __rt_SIGRTMEM_inner
    defsig_abrt_inner.o(.text) refers to defsig_general.o(.text) for __default_signal_display
    defsig_fpe_inner.o(.text) refers to defsig_general.o(.text) for __default_signal_display
    defsig_rtred_inner.o(.text) refers to defsig_general.o(.text) for __default_signal_display
    defsig_stak_inner.o(.text) refers to defsig_general.o(.text) for __default_signal_display
    defsig_pvfn_inner.o(.text) refers to defsig_general.o(.text) for __default_signal_display
    defsig_cppl_inner.o(.text) refers to defsig_general.o(.text) for __default_signal_display
    defsig_segv_inner.o(.text) refers to defsig_general.o(.text) for __default_signal_display
    defsig_other.o(.text) refers to defsig_general.o(.text) for __default_signal_display


==============================================================================

Removing Unused input sections from the image.

    Removing main.o(.rev16_text), (4 bytes).
    Removing main.o(.revsh_text), (4 bytes).
    Removing main.o(.rrx_text), (6 bytes).
    Removing main.o(.constdata), (1275 bytes).
    Removing delay.o(.rev16_text), (4 bytes).
    Removing delay.o(.revsh_text), (4 bytes).
    Removing delay.o(.rrx_text), (6 bytes).
    Removing delay.o(i.systick_init), (20 bytes).
    Removing delay.o(.data), (8 bytes).
    Removing glcd_st7735.o(.rev16_text), (4 bytes).
    Removing glcd_st7735.o(.revsh_text), (4 bytes).
    Removing glcd_st7735.o(.rrx_text), (6 bytes).
    Removing glcd_st7735.o(i.ST7735_Color565), (24 bytes).
    Removing glcd_st7735.o(i.ST7735_DrawBitmap), (288 bytes).
    Removing glcd_st7735.o(i.ST7735_DrawChar), (272 bytes).
    Removing glcd_st7735.o(i.ST7735_DrawFastHLine), (124 bytes).
    Removing glcd_st7735.o(i.ST7735_DrawFastVLine), (124 bytes).
    Removing glcd_st7735.o(i.ST7735_Drawaxes), (292 bytes).
    Removing glcd_st7735.o(i.ST7735_PlotBar), (88 bytes).
    Removing glcd_st7735.o(i.ST7735_PlotClear), (92 bytes).
    Removing glcd_st7735.o(i.ST7735_PlotIncrement), (56 bytes).
    Removing glcd_st7735.o(i.ST7735_PlotLine), (264 bytes).
    Removing glcd_st7735.o(i.ST7735_PlotNext), (32 bytes).
    Removing glcd_st7735.o(i.ST7735_PlotPoint), (96 bytes).
    Removing glcd_st7735.o(i.ST7735_SetCursor), (32 bytes).
    Removing glcd_st7735.o(i.ST7735_SimplePlotPoint), (152 bytes).
    Removing glcd_st7735.o(i.lcd7735_at), (104 bytes).
    Removing spi.o(.rev16_text), (4 bytes).
    Removing spi.o(.revsh_text), (4 bytes).
    Removing spi.o(.rrx_text), (6 bytes).
    Removing spi.o(i.spi_print), (22 bytes).
    Removing spi.o(i.spi_read_write), (76 bytes).
    Removing sysclockconfig.o(.rev16_text), (4 bytes).
    Removing sysclockconfig.o(.revsh_text), (4 bytes).
    Removing sysclockconfig.o(.rrx_text), (6 bytes).
    Removing system_stm32f4xx.o(.rev16_text), (4 bytes).
    Removing system_stm32f4xx.o(.revsh_text), (4 bytes).
    Removing system_stm32f4xx.o(.rrx_text), (6 bytes).
    Removing system_stm32f4xx.o(i.SystemCoreClockUpdate), (192 bytes).
    Removing system_stm32f4xx.o(.constdata), (24 bytes).
    Removing system_stm32f4xx.o(.data), (4 bytes).

41 unused section(s) (total 3745 bytes) removed from the image.

==============================================================================

Image Symbol Table

    Local Symbols

    Symbol Name                              Value     Ov Type        Size  Object(Section)

    ../clib/angel/boardlib.s                 0x00000000   Number         0  boardshut.o ABSOLUTE
    ../clib/angel/boardlib.s                 0x00000000   Number         0  boardinit1.o ABSOLUTE
    ../clib/angel/boardlib.s                 0x00000000   Number         0  boardinit2.o ABSOLUTE
    ../clib/angel/boardlib.s                 0x00000000   Number         0  boardinit3.o ABSOLUTE
    ../clib/angel/handlers.s                 0x00000000   Number         0  __scatter_zi.o ABSOLUTE
    ../clib/angel/handlers.s                 0x00000000   Number         0  __scatter_copy.o ABSOLUTE
    ../clib/angel/kernel.s                   0x00000000   Number         0  rtexit.o ABSOLUTE
    ../clib/angel/kernel.s                   0x00000000   Number         0  __rtentry2.o ABSOLUTE
    ../clib/angel/kernel.s                   0x00000000   Number         0  __rtentry4.o ABSOLUTE
    ../clib/angel/kernel.s                   0x00000000   Number         0  rtexit2.o ABSOLUTE
    ../clib/angel/kernel.s                   0x00000000   Number         0  __rtentry.o ABSOLUTE
    ../clib/angel/rt.s                       0x00000000   Number         0  rt_raise.o ABSOLUTE
    ../clib/angel/scatter.s                  0x00000000   Number         0  __scatter.o ABSOLUTE
    ../clib/angel/startup.s                  0x00000000   Number         0  __main.o ABSOLUTE
    ../clib/angel/sys.s                      0x00000000   Number         0  indicate_semi.o ABSOLUTE
    ../clib/angel/sys.s                      0x00000000   Number         0  use_no_semi.o ABSOLUTE
    ../clib/angel/sys.s                      0x00000000   Number         0  sys_stackheap_outer.o ABSOLUTE
    ../clib/angel/sys.s                      0x00000000   Number         0  libspace.o ABSOLUTE
    ../clib/angel/sysapp.c                   0x00000000   Number         0  sys_command.o ABSOLUTE
    ../clib/angel/sysapp.c                   0x00000000   Number         0  sys_exit.o ABSOLUTE
    ../clib/angel/sysapp.c                   0x00000000   Number         0  sys_wrch.o ABSOLUTE
    ../clib/armsys.c                         0x00000000   Number         0  argv_veneer.o ABSOLUTE
    ../clib/armsys.c                         0x00000000   Number         0  no_argv.o ABSOLUTE
    ../clib/armsys.c                         0x00000000   Number         0  _get_argv_nomalloc.o ABSOLUTE
    ../clib/armsys.c                         0x00000000   Number         0  argv_veneer.o ABSOLUTE
    ../clib/heapalloc.c                      0x00000000   Number         0  hrguard.o ABSOLUTE
    ../clib/heapaux.c                        0x00000000   Number         0  heapauxi.o ABSOLUTE
    ../clib/libinit.s                        0x00000000   Number         0  libshutdown2.o ABSOLUTE
    ../clib/libinit.s                        0x00000000   Number         0  libinit2.o ABSOLUTE
    ../clib/libinit.s                        0x00000000   Number         0  libshutdown.o ABSOLUTE
    ../clib/libinit.s                        0x00000000   Number         0  libinit.o ABSOLUTE
    ../clib/printf.c                         0x00000000   Number         0  __2sprintf.o ABSOLUTE
    ../clib/printf.c                         0x00000000   Number         0  noretval__2sprintf.o ABSOLUTE
    ../clib/printf.c                         0x00000000   Number         0  __printf.o ABSOLUTE
    ../clib/printf.c                         0x00000000   Number         0  __printf_nopercent.o ABSOLUTE
    ../clib/printf.c                         0x00000000   Number         0  _printf_dec.o ABSOLUTE
    ../clib/printf.c                         0x00000000   Number         0  __printf_flags.o ABSOLUTE
    ../clib/printf.c                         0x00000000   Number         0  __printf_ss.o ABSOLUTE
    ../clib/printf.c                         0x00000000   Number         0  __printf_wp.o ABSOLUTE
    ../clib/printf.c                         0x00000000   Number         0  __printf_flags_wp.o ABSOLUTE
    ../clib/printf.c                         0x00000000   Number         0  __printf_ss_wp.o ABSOLUTE
    ../clib/printf.c                         0x00000000   Number         0  __printf_flags_ss_wp.o ABSOLUTE
    ../clib/printf.c                         0x00000000   Number         0  _printf_intcommon.o ABSOLUTE
    ../clib/printf.c                         0x00000000   Number         0  _printf_char_common.o ABSOLUTE
    ../clib/printf.c                         0x00000000   Number         0  _sputc.o ABSOLUTE
    ../clib/printf.c                         0x00000000   Number         0  __printf_flags_ss.o ABSOLUTE
    ../clib/printf_percent.s                 0x00000000   Number         0  _printf_percent_end.o ABSOLUTE
    ../clib/printf_percent.s                 0x00000000   Number         0  _printf_percent.o ABSOLUTE
    ../clib/printf_percent.s                 0x00000000   Number         0  _printf_u.o ABSOLUTE
    ../clib/signal.c                         0x00000000   Number         0  defsig_abrt_inner.o ABSOLUTE
    ../clib/signal.c                         0x00000000   Number         0  defsig_general.o ABSOLUTE
    ../clib/signal.c                         0x00000000   Number         0  defsig_rtmem_formal.o ABSOLUTE
    ../clib/signal.c                         0x00000000   Number         0  defsig_rtmem_outer.o ABSOLUTE
    ../clib/signal.c                         0x00000000   Number         0  defsig_fpe_inner.o ABSOLUTE
    ../clib/signal.c                         0x00000000   Number         0  defsig_cppl_inner.o ABSOLUTE
    ../clib/signal.c                         0x00000000   Number         0  defsig_rtred_inner.o ABSOLUTE
    ../clib/signal.c                         0x00000000   Number         0  defsig_exit.o ABSOLUTE
    ../clib/signal.c                         0x00000000   Number         0  defsig_other.o ABSOLUTE
    ../clib/signal.c                         0x00000000   Number         0  defsig_segv_inner.o ABSOLUTE
    ../clib/signal.c                         0x00000000   Number         0  defsig_rtmem_inner.o ABSOLUTE
    ../clib/signal.c                         0x00000000   Number         0  defsig_pvfn_inner.o ABSOLUTE
    ../clib/signal.c                         0x00000000   Number         0  defsig_stak_inner.o ABSOLUTE
    ../clib/signal.c                         0x00000000   Number         0  __raise.o ABSOLUTE
    ../clib/signal.s                         0x00000000   Number         0  defsig.o ABSOLUTE
    ../clib/stdlib.c                         0x00000000   Number         0  exit.o ABSOLUTE
    ../fplib/fpinit.s                        0x00000000   Number         0  fpinit.o ABSOLUTE
    GLCD_ST7735.c                            0x00000000   Number         0  glcd_st7735.o ABSOLUTE
    GLCD_ST7735.c                            0x00000000   Number         0  glcd_st7735.o ABSOLUTE
    RTE\Device\STM32F411RETx\startup_stm32f411xe.s 0x00000000   Number         0  startup_stm32f411xe.o ABSOLUTE
    RTE\Device\STM32F411RETx\system_stm32f4xx.c 0x00000000   Number         0  system_stm32f4xx.o ABSOLUTE
    RTE\\Device\\STM32F411RETx\\system_stm32f4xx.c 0x00000000   Number         0  system_stm32f4xx.o ABSOLUTE
    SPI.c                                    0x00000000   Number         0  spi.o ABSOLUTE
    SPI.c                                    0x00000000   Number         0  spi.o ABSOLUTE
    SysClockConfig.c                         0x00000000   Number         0  sysclockconfig.o ABSOLUTE
    SysClockConfig.c                         0x00000000   Number         0  sysclockconfig.o ABSOLUTE
    dc.s                                     0x00000000   Number         0  dc.o ABSOLUTE
    delay.c                                  0x00000000   Number         0  delay.o ABSOLUTE
    delay.c                                  0x00000000   Number         0  delay.o ABSOLUTE
    main.c                                   0x00000000   Number         0  main.o ABSOLUTE
    main.c                                   0x00000000   Number         0  main.o ABSOLUTE
    RESET                                    0x08000000   Section      408  startup_stm32f411xe.o(RESET)
    !!!main                                  0x08000198   Section        8  __main.o(!!!main)
    !!!scatter                               0x080001a0   Section       52  __scatter.o(!!!scatter)
    !!handler_copy                           0x080001d4   Section       26  __scatter_copy.o(!!handler_copy)
    !!handler_zi                             0x080001f0   Section       28  __scatter_zi.o(!!handler_zi)
    .ARM.Collect$$_printf_percent$$00000000  0x0800020c   Section        0  _printf_percent.o(.ARM.Collect$$_printf_percent$$00000000)
    .ARM.Collect$$_printf_percent$$0000000A  0x0800020c   Section        6  _printf_u.o(.ARM.Collect$$_printf_percent$$0000000A)
    .ARM.Collect$$_printf_percent$$00000017  0x08000212   Section        4  _printf_percent_end.o(.ARM.Collect$$_printf_percent$$00000017)
    .ARM.Collect$$libinit$$00000000          0x08000216   Section        2  libinit.o(.ARM.Collect$$libinit$$00000000)
    .ARM.Collect$$libinit$$00000001          0x08000218   Section        4  libinit2.o(.ARM.Collect$$libinit$$00000001)
    .ARM.Collect$$libinit$$00000004          0x0800021c   Section        0  libinit2.o(.ARM.Collect$$libinit$$00000004)
    .ARM.Collect$$libinit$$0000000A          0x0800021c   Section        0  libinit2.o(.ARM.Collect$$libinit$$0000000A)
    .ARM.Collect$$libinit$$0000000C          0x0800021c   Section        0  libinit2.o(.ARM.Collect$$libinit$$0000000C)
    .ARM.Collect$$libinit$$0000000E          0x0800021c   Section        0  libinit2.o(.ARM.Collect$$libinit$$0000000E)
    .ARM.Collect$$libinit$$00000011          0x0800021c   Section        0  libinit2.o(.ARM.Collect$$libinit$$00000011)
    .ARM.Collect$$libinit$$00000013          0x0800021c   Section        0  libinit2.o(.ARM.Collect$$libinit$$00000013)
    .ARM.Collect$$libinit$$00000015          0x0800021c   Section        0  libinit2.o(.ARM.Collect$$libinit$$00000015)
    .ARM.Collect$$libinit$$00000017          0x0800021c   Section        0  libinit2.o(.ARM.Collect$$libinit$$00000017)
    .ARM.Collect$$libinit$$00000019          0x0800021c   Section        0  libinit2.o(.ARM.Collect$$libinit$$00000019)
    .ARM.Collect$$libinit$$0000001B          0x0800021c   Section        0  libinit2.o(.ARM.Collect$$libinit$$0000001B)
    .ARM.Collect$$libinit$$0000001D          0x0800021c   Section        0  libinit2.o(.ARM.Collect$$libinit$$0000001D)
    .ARM.Collect$$libinit$$0000001F          0x0800021c   Section        0  libinit2.o(.ARM.Collect$$libinit$$0000001F)
    .ARM.Collect$$libinit$$00000021          0x0800021c   Section        0  libinit2.o(.ARM.Collect$$libinit$$00000021)
    .ARM.Collect$$libinit$$00000023          0x0800021c   Section        0  libinit2.o(.ARM.Collect$$libinit$$00000023)
    .ARM.Collect$$libinit$$00000025          0x0800021c   Section        0  libinit2.o(.ARM.Collect$$libinit$$00000025)
    .ARM.Collect$$libinit$$0000002C          0x0800021c   Section        0  libinit2.o(.ARM.Collect$$libinit$$0000002C)
    .ARM.Collect$$libinit$$0000002E          0x0800021c   Section        0  libinit2.o(.ARM.Collect$$libinit$$0000002E)
    .ARM.Collect$$libinit$$00000030          0x0800021c   Section        0  libinit2.o(.ARM.Collect$$libinit$$00000030)
    .ARM.Collect$$libinit$$00000032          0x0800021c   Section        0  libinit2.o(.ARM.Collect$$libinit$$00000032)
    .ARM.Collect$$libinit$$00000033          0x0800021c   Section        2  libinit2.o(.ARM.Collect$$libinit$$00000033)
    .ARM.Collect$$libshutdown$$00000000      0x0800021e   Section        2  libshutdown.o(.ARM.Collect$$libshutdown$$00000000)
    .ARM.Collect$$libshutdown$$00000002      0x08000220   Section        0  libshutdown2.o(.ARM.Collect$$libshutdown$$00000002)
    .ARM.Collect$$libshutdown$$00000004      0x08000220   Section        0  libshutdown2.o(.ARM.Collect$$libshutdown$$00000004)
    .ARM.Collect$$libshutdown$$00000006      0x08000220   Section        0  libshutdown2.o(.ARM.Collect$$libshutdown$$00000006)
    .ARM.Collect$$libshutdown$$00000009      0x08000220   Section        0  libshutdown2.o(.ARM.Collect$$libshutdown$$00000009)
    .ARM.Collect$$libshutdown$$0000000C      0x08000220   Section        0  libshutdown2.o(.ARM.Collect$$libshutdown$$0000000C)
    .ARM.Collect$$libshutdown$$0000000E      0x08000220   Section        0  libshutdown2.o(.ARM.Collect$$libshutdown$$0000000E)
    .ARM.Collect$$libshutdown$$00000011      0x08000220   Section        0  libshutdown2.o(.ARM.Collect$$libshutdown$$00000011)
    .ARM.Collect$$libshutdown$$00000012      0x08000220   Section        2  libshutdown2.o(.ARM.Collect$$libshutdown$$00000012)
    .ARM.Collect$$rtentry$$00000000          0x08000222   Section        0  __rtentry.o(.ARM.Collect$$rtentry$$00000000)
    .ARM.Collect$$rtentry$$00000002          0x08000222   Section        0  __rtentry2.o(.ARM.Collect$$rtentry$$00000002)
    .ARM.Collect$$rtentry$$00000004          0x08000222   Section        6  __rtentry4.o(.ARM.Collect$$rtentry$$00000004)
    .ARM.Collect$$rtentry$$00000009          0x08000228   Section        0  __rtentry2.o(.ARM.Collect$$rtentry$$00000009)
    .ARM.Collect$$rtentry$$0000000A          0x08000228   Section        4  __rtentry2.o(.ARM.Collect$$rtentry$$0000000A)
    .ARM.Collect$$rtentry$$0000000C          0x0800022c   Section        0  __rtentry2.o(.ARM.Collect$$rtentry$$0000000C)
    .ARM.Collect$$rtentry$$0000000D          0x0800022c   Section        8  __rtentry2.o(.ARM.Collect$$rtentry$$0000000D)
    .ARM.Collect$$rtexit$$00000000           0x08000234   Section        2  rtexit.o(.ARM.Collect$$rtexit$$00000000)
    .ARM.Collect$$rtexit$$00000002           0x08000236   Section        0  rtexit2.o(.ARM.Collect$$rtexit$$00000002)
    .ARM.Collect$$rtexit$$00000003           0x08000236   Section        4  rtexit2.o(.ARM.Collect$$rtexit$$00000003)
    .ARM.Collect$$rtexit$$00000004           0x0800023a   Section        6  rtexit2.o(.ARM.Collect$$rtexit$$00000004)
    .text                                    0x08000240   Section       64  startup_stm32f411xe.o(.text)
    $v0                                      0x08000240   Number         0  startup_stm32f411xe.o(.text)
    .text                                    0x08000280   Section        0  noretval__2sprintf.o(.text)
    .text                                    0x080002a8   Section        0  __printf.o(.text)
    .text                                    0x08000310   Section        0  _printf_dec.o(.text)
    .text                                    0x08000388   Section        0  heapauxi.o(.text)
    .text                                    0x0800038e   Section        0  _printf_intcommon.o(.text)
    .text                                    0x08000440   Section        0  _printf_char_common.o(.text)
    _printf_input_char                       0x08000441   Thumb Code    10  _printf_char_common.o(.text)
    .text                                    0x08000470   Section        0  _sputc.o(.text)
    .text                                    0x0800047a   Section       74  sys_stackheap_outer.o(.text)
    .text                                    0x080004c4   Section        0  exit.o(.text)
    .text                                    0x080004d8   Section        8  libspace.o(.text)
    .text                                    0x080004e0   Section        0  sys_exit.o(.text)
    .text                                    0x080004ec   Section        2  use_no_semi.o(.text)
    .text                                    0x080004ee   Section        0  indicate_semi.o(.text)
    i.ST7735_DrawCharS                       0x080004f0   Section        0  glcd_st7735.o(i.ST7735_DrawCharS)
    i.ST7735_DrawPixel                       0x080005e8   Section        0  glcd_st7735.o(i.ST7735_DrawPixel)
    i.ST7735_DrawString                      0x08000630   Section        0  glcd_st7735.o(i.ST7735_DrawString)
    i.ST7735_FillRect                        0x08000684   Section        0  glcd_st7735.o(i.ST7735_FillRect)
    i.ST7735_FillScreen                      0x08000730   Section        0  glcd_st7735.o(i.ST7735_FillScreen)
    i.ST7735_GPIO_Init                       0x08000754   Section        0  glcd_st7735.o(i.ST7735_GPIO_Init)
    i.ST7735_Init                            0x0800077c   Section        0  glcd_st7735.o(i.ST7735_Init)
    i.ST7735_SPI_Init                        0x0800078c   Section        0  glcd_st7735.o(i.ST7735_SPI_Init)
    i.SysClockConfig                         0x08000794   Section        0  sysclockconfig.o(i.SysClockConfig)
    i.SystemInit                             0x08000880   Section        0  system_stm32f4xx.o(i.SystemInit)
    i.delay                                  0x080008e4   Section        0  delay.o(i.delay)
    i.delayuS                                0x0800091c   Section        0  delay.o(i.delayuS)
    i.encoder_init                           0x08000950   Section        0  main.o(i.encoder_init)
    i.lcd7735_sendCmd                        0x080009c0   Section        0  glcd_st7735.o(i.lcd7735_sendCmd)
    i.lcd7735_sendData                       0x080009dc   Section        0  glcd_st7735.o(i.lcd7735_sendData)
    i.lcd7735_senddata                       0x080009f8   Section        0  glcd_st7735.o(i.lcd7735_senddata)
    i.main                                   0x08000a04   Section        0  main.o(i.main)
    i.pushColor                              0x08000ad0   Section        0  glcd_st7735.o(i.pushColor)
    pushColor                                0x08000ad1   Thumb Code    18  glcd_st7735.o(i.pushColor)
    i.setAddrWindow                          0x08000ae4   Section        0  glcd_st7735.o(i.setAddrWindow)
    setAddrWindow                            0x08000ae5   Thumb Code   106  glcd_st7735.o(i.setAddrWindow)
    i.spi_init                               0x08000b58   Section        0  spi.o(i.spi_init)
    i.spi_write                              0x08000bc0   Section        0  spi.o(i.spi_write)
    i.standard_Init_Cmd                      0x08000be8   Section        0  glcd_st7735.o(i.standard_Init_Cmd)
    i.writecommand                           0x08000c4c   Section        0  glcd_st7735.o(i.writecommand)
    writecommand                             0x08000c4d   Thumb Code    30  glcd_st7735.o(i.writecommand)
    i.writedata                              0x08000c70   Section        0  glcd_st7735.o(i.writedata)
    writedata                                0x08000c71   Thumb Code    30  glcd_st7735.o(i.writedata)
    x$fpl$fpinit                             0x08000c94   Section       10  fpinit.o(x$fpl$fpinit)
    $v0                                      0x08000c94   Number         0  fpinit.o(x$fpl$fpinit)
    .constdata                               0x08000c9e   Section     1275  glcd_st7735.o(.constdata)
    Font                                     0x08000c9e   Data        1275  glcd_st7735.o(.constdata)
    .data                                    0x20000000   Section       16  main.o(.data)
    .data                                    0x20000010   Section       44  glcd_st7735.o(.data)
    _width                                   0x20000010   Data           2  glcd_st7735.o(.data)
    _height                                  0x20000012   Data           2  glcd_st7735.o(.data)
    ColStart                                 0x2000001e   Data           1  glcd_st7735.o(.data)
    RowStart                                 0x2000001f   Data           1  glcd_st7735.o(.data)
    .bss                                     0x2000003c   Section       20  main.o(.bss)
    .bss                                     0x20000050   Section       96  libspace.o(.bss)
    HEAP                                     0x200000b0   Section      512  startup_stm32f411xe.o(HEAP)
    Heap_Mem                                 0x200000b0   Data         512  startup_stm32f411xe.o(HEAP)
    STACK                                    0x200002b0   Section     1024  startup_stm32f411xe.o(STACK)
    Stack_Mem                                0x200002b0   Data        1024  startup_stm32f411xe.o(STACK)
    __initial_sp                             0x200006b0   Data           0  startup_stm32f411xe.o(STACK)

    Global Symbols

    Symbol Name                              Value     Ov Type        Size  Object(Section)

    BuildAttributes$$THM_ISAv4$E$P$D$K$B$S$7EM$VFPi3$EXTD16$VFPS$VFMA$PE$A:L22UL41UL21$X:L11$S22US41US21$IEEE1$IW$USESV6$~STKCKD$USESV7$~SHL$OSPACE$ROPI$EBA8$UX$STANDARDLIB$REQ8$PRES8$EABIv2 0x00000000   Number         0  anon$$obj.o ABSOLUTE
    __ARM_use_no_argv                        0x00000000   Number         0  main.o ABSOLUTE
    __ARM_exceptions_init                     - Undefined Weak Reference
    __alloca_initialize                       - Undefined Weak Reference
    __arm_fini_                               - Undefined Weak Reference
    __arm_preinit_                            - Undefined Weak Reference
    __cpp_initialize__aeabi_                  - Undefined Weak Reference
    __cxa_finalize                            - Undefined Weak Reference
    __rt_locale                               - Undefined Weak Reference
    __sigvec_lookup                           - Undefined Weak Reference
    _atexit_init                              - Undefined Weak Reference
    _call_atexit_fns                          - Undefined Weak Reference
    _clock_init                               - Undefined Weak Reference
    _fp_trap_init                             - Undefined Weak Reference
    _fp_trap_shutdown                         - Undefined Weak Reference
    _get_lc_collate                           - Undefined Weak Reference
    _get_lc_ctype                             - Undefined Weak Reference
    _get_lc_monetary                          - Undefined Weak Reference
    _get_lc_numeric                           - Undefined Weak Reference
    _get_lc_time                              - Undefined Weak Reference
    _getenv_init                              - Undefined Weak Reference
    _handle_redirection                       - Undefined Weak Reference
    _init_alloc                               - Undefined Weak Reference
    _init_user_alloc                          - Undefined Weak Reference
    _initio                                   - Undefined Weak Reference
    _printf_post_padding                      - Undefined Weak Reference
    _printf_pre_padding                       - Undefined Weak Reference
    _printf_truncate_signed                   - Undefined Weak Reference
    _printf_truncate_unsigned                 - Undefined Weak Reference
    _rand_init                                - Undefined Weak Reference
    _signal_finish                            - Undefined Weak Reference
    _signal_init                              - Undefined Weak Reference
    _terminate_alloc                          - Undefined Weak Reference
    _terminate_user_alloc                     - Undefined Weak Reference
    _terminateio                              - Undefined Weak Reference
    __Vectors_Size                           0x00000198   Number         0  startup_stm32f411xe.o ABSOLUTE
    __Vectors                                0x08000000   Data           4  startup_stm32f411xe.o(RESET)
    __Vectors_End                            0x08000198   Data           0  startup_stm32f411xe.o(RESET)
    __main                                   0x08000199   Thumb Code     8  __main.o(!!!main)
    __scatterload                            0x080001a1   Thumb Code     0  __scatter.o(!!!scatter)
    __scatterload_rt2                        0x080001a1   Thumb Code    44  __scatter.o(!!!scatter)
    __scatterload_rt2_thumb_only             0x080001a1   Thumb Code     0  __scatter.o(!!!scatter)
    __scatterload_null                       0x080001af   Thumb Code     0  __scatter.o(!!!scatter)
    __scatterload_copy                       0x080001d5   Thumb Code    26  __scatter_copy.o(!!handler_copy)
    __scatterload_zeroinit                   0x080001f1   Thumb Code    28  __scatter_zi.o(!!handler_zi)
    _printf_percent                          0x0800020d   Thumb Code     0  _printf_percent.o(.ARM.Collect$$_printf_percent$$00000000)
    _printf_u                                0x0800020d   Thumb Code     0  _printf_u.o(.ARM.Collect$$_printf_percent$$0000000A)
    _printf_percent_end                      0x08000213   Thumb Code     0  _printf_percent_end.o(.ARM.Collect$$_printf_percent$$00000017)
    __rt_lib_init                            0x08000217   Thumb Code     0  libinit.o(.ARM.Collect$$libinit$$00000000)
    __rt_lib_init_fp_1                       0x08000219   Thumb Code     0  libinit2.o(.ARM.Collect$$libinit$$00000001)
    __rt_lib_init_alloca_1                   0x0800021d   Thumb Code     0  libinit2.o(.ARM.Collect$$libinit$$0000002E)
    __rt_lib_init_argv_1                     0x0800021d   Thumb Code     0  libinit2.o(.ARM.Collect$$libinit$$0000002C)
    __rt_lib_init_atexit_1                   0x0800021d   Thumb Code     0  libinit2.o(.ARM.Collect$$libinit$$0000001B)
    __rt_lib_init_clock_1                    0x0800021d   Thumb Code     0  libinit2.o(.ARM.Collect$$libinit$$00000021)
    __rt_lib_init_cpp_1                      0x0800021d   Thumb Code     0  libinit2.o(.ARM.Collect$$libinit$$00000032)
    __rt_lib_init_exceptions_1               0x0800021d   Thumb Code     0  libinit2.o(.ARM.Collect$$libinit$$00000030)
    __rt_lib_init_fp_trap_1                  0x0800021d   Thumb Code     0  libinit2.o(.ARM.Collect$$libinit$$0000001F)
    __rt_lib_init_getenv_1                   0x0800021d   Thumb Code     0  libinit2.o(.ARM.Collect$$libinit$$00000023)
    __rt_lib_init_heap_1                     0x0800021d   Thumb Code     0  libinit2.o(.ARM.Collect$$libinit$$0000000A)
    __rt_lib_init_lc_collate_1               0x0800021d   Thumb Code     0  libinit2.o(.ARM.Collect$$libinit$$00000011)
    __rt_lib_init_lc_ctype_1                 0x0800021d   Thumb Code     0  libinit2.o(.ARM.Collect$$libinit$$00000013)
    __rt_lib_init_lc_monetary_1              0x0800021d   Thumb Code     0  libinit2.o(.ARM.Collect$$libinit$$00000015)
    __rt_lib_init_lc_numeric_1               0x0800021d   Thumb Code     0  libinit2.o(.ARM.Collect$$libinit$$00000017)
    __rt_lib_init_lc_time_1                  0x0800021d   Thumb Code     0  libinit2.o(.ARM.Collect$$libinit$$00000019)
    __rt_lib_init_preinit_1                  0x0800021d   Thumb Code     0  libinit2.o(.ARM.Collect$$libinit$$00000004)
    __rt_lib_init_rand_1                     0x0800021d   Thumb Code     0  libinit2.o(.ARM.Collect$$libinit$$0000000E)
    __rt_lib_init_return                     0x0800021d   Thumb Code     0  libinit2.o(.ARM.Collect$$libinit$$00000033)
    __rt_lib_init_signal_1                   0x0800021d   Thumb Code     0  libinit2.o(.ARM.Collect$$libinit$$0000001D)
    __rt_lib_init_stdio_1                    0x0800021d   Thumb Code     0  libinit2.o(.ARM.Collect$$libinit$$00000025)
    __rt_lib_init_user_alloc_1               0x0800021d   Thumb Code     0  libinit2.o(.ARM.Collect$$libinit$$0000000C)
    __rt_lib_shutdown                        0x0800021f   Thumb Code     0  libshutdown.o(.ARM.Collect$$libshutdown$$00000000)
    __rt_lib_shutdown_cpp_1                  0x08000221   Thumb Code     0  libshutdown2.o(.ARM.Collect$$libshutdown$$00000004)
    __rt_lib_shutdown_fini_1                 0x08000221   Thumb Code     0  libshutdown2.o(.ARM.Collect$$libshutdown$$00000002)
    __rt_lib_shutdown_fp_trap_1              0x08000221   Thumb Code     0  libshutdown2.o(.ARM.Collect$$libshutdown$$00000009)
    __rt_lib_shutdown_heap_1                 0x08000221   Thumb Code     0  libshutdown2.o(.ARM.Collect$$libshutdown$$00000011)
    __rt_lib_shutdown_return                 0x08000221   Thumb Code     0  libshutdown2.o(.ARM.Collect$$libshutdown$$00000012)
    __rt_lib_shutdown_signal_1               0x08000221   Thumb Code     0  libshutdown2.o(.ARM.Collect$$libshutdown$$0000000C)
    __rt_lib_shutdown_stdio_1                0x08000221   Thumb Code     0  libshutdown2.o(.ARM.Collect$$libshutdown$$00000006)
    __rt_lib_shutdown_user_alloc_1           0x08000221   Thumb Code     0  libshutdown2.o(.ARM.Collect$$libshutdown$$0000000E)
    __rt_entry                               0x08000223   Thumb Code     0  __rtentry.o(.ARM.Collect$$rtentry$$00000000)
    __rt_entry_presh_1                       0x08000223   Thumb Code     0  __rtentry2.o(.ARM.Collect$$rtentry$$00000002)
    __rt_entry_sh                            0x08000223   Thumb Code     0  __rtentry4.o(.ARM.Collect$$rtentry$$00000004)
    __rt_entry_li                            0x08000229   Thumb Code     0  __rtentry2.o(.ARM.Collect$$rtentry$$0000000A)
    __rt_entry_postsh_1                      0x08000229   Thumb Code     0  __rtentry2.o(.ARM.Collect$$rtentry$$00000009)
    __rt_entry_main                          0x0800022d   Thumb Code     0  __rtentry2.o(.ARM.Collect$$rtentry$$0000000D)
    __rt_entry_postli_1                      0x0800022d   Thumb Code     0  __rtentry2.o(.ARM.Collect$$rtentry$$0000000C)
    __rt_exit                                0x08000235   Thumb Code     0  rtexit.o(.ARM.Collect$$rtexit$$00000000)
    __rt_exit_ls                             0x08000237   Thumb Code     0  rtexit2.o(.ARM.Collect$$rtexit$$00000003)
    __rt_exit_prels_1                        0x08000237   Thumb Code     0  rtexit2.o(.ARM.Collect$$rtexit$$00000002)
    __rt_exit_exit                           0x0800023b   Thumb Code     0  rtexit2.o(.ARM.Collect$$rtexit$$00000004)
    Reset_Handler                            0x08000241   Thumb Code     8  startup_stm32f411xe.o(.text)
    NMI_Handler                              0x08000249   Thumb Code     2  startup_stm32f411xe.o(.text)
    HardFault_Handler                        0x0800024b   Thumb Code     2  startup_stm32f411xe.o(.text)
    MemManage_Handler                        0x0800024d   Thumb Code     2  startup_stm32f411xe.o(.text)
    BusFault_Handler                         0x0800024f   Thumb Code     2  startup_stm32f411xe.o(.text)
    UsageFault_Handler                       0x08000251   Thumb Code     2  startup_stm32f411xe.o(.text)
    SVC_Handler                              0x08000253   Thumb Code     2  startup_stm32f411xe.o(.text)
    DebugMon_Handler                         0x08000255   Thumb Code     2  startup_stm32f411xe.o(.text)
    PendSV_Handler                           0x08000257   Thumb Code     2  startup_stm32f411xe.o(.text)
    SysTick_Handler                          0x08000259   Thumb Code     2  startup_stm32f411xe.o(.text)
    ADC_IRQHandler                           0x0800025b   Thumb Code     0  startup_stm32f411xe.o(.text)
    DMA1_Stream0_IRQHandler                  0x0800025b   Thumb Code     0  startup_stm32f411xe.o(.text)
    DMA1_Stream1_IRQHandler                  0x0800025b   Thumb Code     0  startup_stm32f411xe.o(.text)
    DMA1_Stream2_IRQHandler                  0x0800025b   Thumb Code     0  startup_stm32f411xe.o(.text)
    DMA1_Stream3_IRQHandler                  0x0800025b   Thumb Code     0  startup_stm32f411xe.o(.text)
    DMA1_Stream4_IRQHandler                  0x0800025b   Thumb Code     0  startup_stm32f411xe.o(.text)
    DMA1_Stream5_IRQHandler                  0x0800025b   Thumb Code     0  startup_stm32f411xe.o(.text)
    DMA1_Stream6_IRQHandler                  0x0800025b   Thumb Code     0  startup_stm32f411xe.o(.text)
    DMA1_Stream7_IRQHandler                  0x0800025b   Thumb Code     0  startup_stm32f411xe.o(.text)
    DMA2_Stream0_IRQHandler                  0x0800025b   Thumb Code     0  startup_stm32f411xe.o(.text)
    DMA2_Stream1_IRQHandler                  0x0800025b   Thumb Code     0  startup_stm32f411xe.o(.text)
    DMA2_Stream2_IRQHandler                  0x0800025b   Thumb Code     0  startup_stm32f411xe.o(.text)
    DMA2_Stream3_IRQHandler                  0x0800025b   Thumb Code     0  startup_stm32f411xe.o(.text)
    DMA2_Stream4_IRQHandler                  0x0800025b   Thumb Code     0  startup_stm32f411xe.o(.text)
    DMA2_Stream5_IRQHandler                  0x0800025b   Thumb Code     0  startup_stm32f411xe.o(.text)
    DMA2_Stream6_IRQHandler                  0x0800025b   Thumb Code     0  startup_stm32f411xe.o(.text)
    DMA2_Stream7_IRQHandler                  0x0800025b   Thumb Code     0  startup_stm32f411xe.o(.text)
    EXTI0_IRQHandler                         0x0800025b   Thumb Code     0  startup_stm32f411xe.o(.text)
    EXTI15_10_IRQHandler                     0x0800025b   Thumb Code     0  startup_stm32f411xe.o(.text)
    EXTI1_IRQHandler                         0x0800025b   Thumb Code     0  startup_stm32f411xe.o(.text)
    EXTI2_IRQHandler                         0x0800025b   Thumb Code     0  startup_stm32f411xe.o(.text)
    EXTI3_IRQHandler                         0x0800025b   Thumb Code     0  startup_stm32f411xe.o(.text)
    EXTI4_IRQHandler                         0x0800025b   Thumb Code     0  startup_stm32f411xe.o(.text)
    EXTI9_5_IRQHandler                       0x0800025b   Thumb Code     0  startup_stm32f411xe.o(.text)
    FLASH_IRQHandler                         0x0800025b   Thumb Code     0  startup_stm32f411xe.o(.text)
    FPU_IRQHandler                           0x0800025b   Thumb Code     0  startup_stm32f411xe.o(.text)
    I2C1_ER_IRQHandler                       0x0800025b   Thumb Code     0  startup_stm32f411xe.o(.text)
    I2C1_EV_IRQHandler                       0x0800025b   Thumb Code     0  startup_stm32f411xe.o(.text)
    I2C2_ER_IRQHandler                       0x0800025b   Thumb Code     0  startup_stm32f411xe.o(.text)
    I2C2_EV_IRQHandler                       0x0800025b   Thumb Code     0  startup_stm32f411xe.o(.text)
    I2C3_ER_IRQHandler                       0x0800025b   Thumb Code     0  startup_stm32f411xe.o(.text)
    I2C3_EV_IRQHandler                       0x0800025b   Thumb Code     0  startup_stm32f411xe.o(.text)
    OTG_FS_IRQHandler                        0x0800025b   Thumb Code     0  startup_stm32f411xe.o(.text)
    OTG_FS_WKUP_IRQHandler                   0x0800025b   Thumb Code     0  startup_stm32f411xe.o(.text)
    PVD_IRQHandler                           0x0800025b   Thumb Code     0  startup_stm32f411xe.o(.text)
    RCC_IRQHandler                           0x0800025b   Thumb Code     0  startup_stm32f411xe.o(.text)
    RTC_Alarm_IRQHandler                     0x0800025b   Thumb Code     0  startup_stm32f411xe.o(.text)
    RTC_WKUP_IRQHandler                      0x0800025b   Thumb Code     0  startup_stm32f411xe.o(.text)
    SDIO_IRQHandler                          0x0800025b   Thumb Code     0  startup_stm32f411xe.o(.text)
    SPI1_IRQHandler                          0x0800025b   Thumb Code     0  startup_stm32f411xe.o(.text)
    SPI2_IRQHandler                          0x0800025b   Thumb Code     0  startup_stm32f411xe.o(.text)
    SPI3_IRQHandler                          0x0800025b   Thumb Code     0  startup_stm32f411xe.o(.text)
    SPI4_IRQHandler                          0x0800025b   Thumb Code     0  startup_stm32f411xe.o(.text)
    SPI5_IRQHandler                          0x0800025b   Thumb Code     0  startup_stm32f411xe.o(.text)
    TAMP_STAMP_IRQHandler                    0x0800025b   Thumb Code     0  startup_stm32f411xe.o(.text)
    TIM1_BRK_TIM9_IRQHandler                 0x0800025b   Thumb Code     0  startup_stm32f411xe.o(.text)
    TIM1_CC_IRQHandler                       0x0800025b   Thumb Code     0  startup_stm32f411xe.o(.text)
    TIM1_TRG_COM_TIM11_IRQHandler            0x0800025b   Thumb Code     0  startup_stm32f411xe.o(.text)
    TIM1_UP_TIM10_IRQHandler                 0x0800025b   Thumb Code     0  startup_stm32f411xe.o(.text)
    TIM2_IRQHandler                          0x0800025b   Thumb Code     0  startup_stm32f411xe.o(.text)
    TIM3_IRQHandler                          0x0800025b   Thumb Code     0  startup_stm32f411xe.o(.text)
    TIM4_IRQHandler                          0x0800025b   Thumb Code     0  startup_stm32f411xe.o(.text)
    TIM5_IRQHandler                          0x0800025b   Thumb Code     0  startup_stm32f411xe.o(.text)
    USART1_IRQHandler                        0x0800025b   Thumb Code     0  startup_stm32f411xe.o(.text)
    USART2_IRQHandler                        0x0800025b   Thumb Code     0  startup_stm32f411xe.o(.text)
    USART6_IRQHandler                        0x0800025b   Thumb Code     0  startup_stm32f411xe.o(.text)
    WWDG_IRQHandler                          0x0800025b   Thumb Code     0  startup_stm32f411xe.o(.text)
    __user_initial_stackheap                 0x0800025d   Thumb Code     0  startup_stm32f411xe.o(.text)
    __2sprintf                               0x08000281   Thumb Code    34  noretval__2sprintf.o(.text)
    __printf                                 0x080002a9   Thumb Code   104  __printf.o(.text)
    _printf_int_dec                          0x08000311   Thumb Code   104  _printf_dec.o(.text)
    __use_two_region_memory                  0x08000389   Thumb Code     2  heapauxi.o(.text)
    __rt_heap_escrow$2region                 0x0800038b   Thumb Code     2  heapauxi.o(.text)
    __rt_heap_expand$2region                 0x0800038d   Thumb Code     2  heapauxi.o(.text)
    _printf_int_common                       0x0800038f   Thumb Code   178  _printf_intcommon.o(.text)
    _printf_char_common                      0x0800044b   Thumb Code    32  _printf_char_common.o(.text)
    _sputc                                   0x08000471   Thumb Code    10  _sputc.o(.text)
    __user_setup_stackheap                   0x0800047b   Thumb Code    74  sys_stackheap_outer.o(.text)
    exit                                     0x080004c5   Thumb Code    18  exit.o(.text)
    __user_libspace                          0x080004d9   Thumb Code     8  libspace.o(.text)
    __user_perproc_libspace                  0x080004d9   Thumb Code     0  libspace.o(.text)
    __user_perthread_libspace                0x080004d9   Thumb Code     0  libspace.o(.text)
    _sys_exit                                0x080004e1   Thumb Code     8  sys_exit.o(.text)
    __I$use$semihosting                      0x080004ed   Thumb Code     0  use_no_semi.o(.text)
    __use_no_semihosting_swi                 0x080004ed   Thumb Code     2  use_no_semi.o(.text)
    __semihosting_library_function           0x080004ef   Thumb Code     0  indicate_semi.o(.text)
    ST7735_DrawCharS                         0x080004f1   Thumb Code   236  glcd_st7735.o(i.ST7735_DrawCharS)
    ST7735_DrawPixel                         0x080005e9   Thumb Code    64  glcd_st7735.o(i.ST7735_DrawPixel)
    ST7735_DrawString                        0x08000631   Thumb Code    84  glcd_st7735.o(i.ST7735_DrawString)
    ST7735_FillRect                          0x08000685   Thumb Code   164  glcd_st7735.o(i.ST7735_FillRect)
    ST7735_FillScreen                        0x08000731   Thumb Code    28  glcd_st7735.o(i.ST7735_FillScreen)
    ST7735_GPIO_Init                         0x08000755   Thumb Code    30  glcd_st7735.o(i.ST7735_GPIO_Init)
    ST7735_Init                              0x0800077d   Thumb Code    16  glcd_st7735.o(i.ST7735_Init)
    ST7735_SPI_Init                          0x0800078d   Thumb Code     8  glcd_st7735.o(i.ST7735_SPI_Init)
    SysClockConfig                           0x08000795   Thumb Code   218  sysclockconfig.o(i.SysClockConfig)
    SystemInit                               0x08000881   Thumb Code    82  system_stm32f4xx.o(i.SystemInit)
    delay                                    0x080008e5   Thumb Code    52  delay.o(i.delay)
    delayuS                                  0x0800091d   Thumb Code    52  delay.o(i.delayuS)
    encoder_init                             0x08000951   Thumb Code   104  main.o(i.encoder_init)
    lcd7735_sendCmd                          0x080009c1   Thumb Code    24  glcd_st7735.o(i.lcd7735_sendCmd)
    lcd7735_sendData                         0x080009dd   Thumb Code    24  glcd_st7735.o(i.lcd7735_sendData)
    lcd7735_senddata                         0x080009f9   Thumb Code    12  glcd_st7735.o(i.lcd7735_senddata)
    main                                     0x08000a05   Thumb Code   154  main.o(i.main)
    spi_init                                 0x08000b59   Thumb Code    86  spi.o(i.spi_init)
    spi_write                                0x08000bc1   Thumb Code    34  spi.o(i.spi_write)
    standard_Init_Cmd                        0x08000be9   Thumb Code    94  glcd_st7735.o(i.standard_Init_Cmd)
    _fp_init                                 0x08000c95   Thumb Code    10  fpinit.o(x$fpl$fpinit)
    __fplib_config_fpu_vfp                   0x08000c9d   Thumb Code     0  fpinit.o(x$fpl$fpinit)
    __fplib_config_pureend_doubles           0x08000c9d   Thumb Code     0  fpinit.o(x$fpl$fpinit)
    Region$$Table$$Base                      0x0800119c   Number         0  anon$$obj.o(Region$$Table)
    Region$$Table$$Limit                     0x080011bc   Number         0  anon$$obj.o(Region$$Table)
    cnt_current                              0x20000000   Data           8  main.o(.data)
    cnt_prev                                 0x20000008   Data           8  main.o(.data)
    StX                                      0x20000014   Data           4  glcd_st7735.o(.data)
    StY                                      0x20000018   Data           4  glcd_st7735.o(.data)
    StTextColor                              0x2000001c   Data           2  glcd_st7735.o(.data)
    Ymax                                     0x20000020   Data           4  glcd_st7735.o(.data)
    Ymin                                     0x20000024   Data           4  glcd_st7735.o(.data)
    X                                        0x20000028   Data           4  glcd_st7735.o(.data)
    Yrange                                   0x2000002c   Data           4  glcd_st7735.o(.data)
    TimeIndex                                0x20000030   Data           4  glcd_st7735.o(.data)
    PlotBGColor                              0x20000034   Data           2  glcd_st7735.o(.data)
    lastj                                    0x20000038   Data           4  glcd_st7735.o(.data)
    data                                     0x2000003c   Data          20  main.o(.bss)
    __libspace_start                         0x20000050   Data          96  libspace.o(.bss)
    __temporary_stack_top$libspace           0x200000b0   Data           0  libspace.o(.bss)



==============================================================================

Memory Map of the image

  Image Entry point : 0x08000199

  Load Region LR_IROM1 (Base: 0x08000000, Size: 0x000011f8, Max: 0x00080000, ABSOLUTE)

    Execution Region ER_IROM1 (Exec base: 0x08000000, Load base: 0x08000000, Size: 0x000011bc, Max: 0x00080000, ABSOLUTE)

    Exec Addr    Load Addr    Size         Type   Attr      Idx    E Section Name        Object

    0x08000000   0x08000000   0x00000198   Data   RO          395    RESET               startup_stm32f411xe.o
    0x08000198   0x08000198   0x00000008   Code   RO          471  * !!!main             c_w.l(__main.o)
    0x080001a0   0x080001a0   0x00000034   Code   RO          639    !!!scatter          c_w.l(__scatter.o)
    0x080001d4   0x080001d4   0x0000001a   Code   RO          641    !!handler_copy      c_w.l(__scatter_copy.o)
    0x080001ee   0x080001ee   0x00000002   PAD
    0x080001f0   0x080001f0   0x0000001c   Code   RO          643    !!handler_zi        c_w.l(__scatter_zi.o)
    0x0800020c   0x0800020c   0x00000000   Code   RO          468    .ARM.Collect$$_printf_percent$$00000000  c_w.l(_printf_percent.o)
    0x0800020c   0x0800020c   0x00000006   Code   RO          467    .ARM.Collect$$_printf_percent$$0000000A  c_w.l(_printf_u.o)
    0x08000212   0x08000212   0x00000004   Code   RO          480    .ARM.Collect$$_printf_percent$$00000017  c_w.l(_printf_percent_end.o)
    0x08000216   0x08000216   0x00000002   Code   RO          507    .ARM.Collect$$libinit$$00000000  c_w.l(libinit.o)
    0x08000218   0x08000218   0x00000004   Code   RO          513    .ARM.Collect$$libinit$$00000001  c_w.l(libinit2.o)
    0x0800021c   0x0800021c   0x00000000   Code   RO          516    .ARM.Collect$$libinit$$00000004  c_w.l(libinit2.o)
    0x0800021c   0x0800021c   0x00000000   Code   RO          519    .ARM.Collect$$libinit$$0000000A  c_w.l(libinit2.o)
    0x0800021c   0x0800021c   0x00000000   Code   RO          521    .ARM.Collect$$libinit$$0000000C  c_w.l(libinit2.o)
    0x0800021c   0x0800021c   0x00000000   Code   RO          523    .ARM.Collect$$libinit$$0000000E  c_w.l(libinit2.o)
    0x0800021c   0x0800021c   0x00000000   Code   RO          526    .ARM.Collect$$libinit$$00000011  c_w.l(libinit2.o)
    0x0800021c   0x0800021c   0x00000000   Code   RO          528    .ARM.Collect$$libinit$$00000013  c_w.l(libinit2.o)
    0x0800021c   0x0800021c   0x00000000   Code   RO          530    .ARM.Collect$$libinit$$00000015  c_w.l(libinit2.o)
    0x0800021c   0x0800021c   0x00000000   Code   RO          532    .ARM.Collect$$libinit$$00000017  c_w.l(libinit2.o)
    0x0800021c   0x0800021c   0x00000000   Code   RO          534    .ARM.Collect$$libinit$$00000019  c_w.l(libinit2.o)
    0x0800021c   0x0800021c   0x00000000   Code   RO          536    .ARM.Collect$$libinit$$0000001B  c_w.l(libinit2.o)
    0x0800021c   0x0800021c   0x00000000   Code   RO          538    .ARM.Collect$$libinit$$0000001D  c_w.l(libinit2.o)
    0x0800021c   0x0800021c   0x00000000   Code   RO          540    .ARM.Collect$$libinit$$0000001F  c_w.l(libinit2.o)
    0x0800021c   0x0800021c   0x00000000   Code   RO          542    .ARM.Collect$$libinit$$00000021  c_w.l(libinit2.o)
    0x0800021c   0x0800021c   0x00000000   Code   RO          544    .ARM.Collect$$libinit$$00000023  c_w.l(libinit2.o)
    0x0800021c   0x0800021c   0x00000000   Code   RO          546    .ARM.Collect$$libinit$$00000025  c_w.l(libinit2.o)
    0x0800021c   0x0800021c   0x00000000   Code   RO          550    .ARM.Collect$$libinit$$0000002C  c_w.l(libinit2.o)
    0x0800021c   0x0800021c   0x00000000   Code   RO          552    .ARM.Collect$$libinit$$0000002E  c_w.l(libinit2.o)
    0x0800021c   0x0800021c   0x00000000   Code   RO          554    .ARM.Collect$$libinit$$00000030  c_w.l(libinit2.o)
    0x0800021c   0x0800021c   0x00000000   Code   RO          556    .ARM.Collect$$libinit$$00000032  c_w.l(libinit2.o)
    0x0800021c   0x0800021c   0x00000002   Code   RO          557    .ARM.Collect$$libinit$$00000033  c_w.l(libinit2.o)
    0x0800021e   0x0800021e   0x00000002   Code   RO          577    .ARM.Collect$$libshutdown$$00000000  c_w.l(libshutdown.o)
    0x08000220   0x08000220   0x00000000   Code   RO          590    .ARM.Collect$$libshutdown$$00000002  c_w.l(libshutdown2.o)
    0x08000220   0x08000220   0x00000000   Code   RO          592    .ARM.Collect$$libshutdown$$00000004  c_w.l(libshutdown2.o)
    0x08000220   0x08000220   0x00000000   Code   RO          594    .ARM.Collect$$libshutdown$$00000006  c_w.l(libshutdown2.o)
    0x08000220   0x08000220   0x00000000   Code   RO          597    .ARM.Collect$$libshutdown$$00000009  c_w.l(libshutdown2.o)
    0x08000220   0x08000220   0x00000000   Code   RO          600    .ARM.Collect$$libshutdown$$0000000C  c_w.l(libshutdown2.o)
    0x08000220   0x08000220   0x00000000   Code   RO          602    .ARM.Collect$$libshutdown$$0000000E  c_w.l(libshutdown2.o)
    0x08000220   0x08000220   0x00000000   Code   RO          605    .ARM.Collect$$libshutdown$$00000011  c_w.l(libshutdown2.o)
    0x08000220   0x08000220   0x00000002   Code   RO          606    .ARM.Collect$$libshutdown$$00000012  c_w.l(libshutdown2.o)
    0x08000222   0x08000222   0x00000000   Code   RO          473    .ARM.Collect$$rtentry$$00000000  c_w.l(__rtentry.o)
    0x08000222   0x08000222   0x00000000   Code   RO          482    .ARM.Collect$$rtentry$$00000002  c_w.l(__rtentry2.o)
    0x08000222   0x08000222   0x00000006   Code   RO          494    .ARM.Collect$$rtentry$$00000004  c_w.l(__rtentry4.o)
    0x08000228   0x08000228   0x00000000   Code   RO          484    .ARM.Collect$$rtentry$$00000009  c_w.l(__rtentry2.o)
    0x08000228   0x08000228   0x00000004   Code   RO          485    .ARM.Collect$$rtentry$$0000000A  c_w.l(__rtentry2.o)
    0x0800022c   0x0800022c   0x00000000   Code   RO          487    .ARM.Collect$$rtentry$$0000000C  c_w.l(__rtentry2.o)
    0x0800022c   0x0800022c   0x00000008   Code   RO          488    .ARM.Collect$$rtentry$$0000000D  c_w.l(__rtentry2.o)
    0x08000234   0x08000234   0x00000002   Code   RO          511    .ARM.Collect$$rtexit$$00000000  c_w.l(rtexit.o)
    0x08000236   0x08000236   0x00000000   Code   RO          559    .ARM.Collect$$rtexit$$00000002  c_w.l(rtexit2.o)
    0x08000236   0x08000236   0x00000004   Code   RO          560    .ARM.Collect$$rtexit$$00000003  c_w.l(rtexit2.o)
    0x0800023a   0x0800023a   0x00000006   Code   RO          561    .ARM.Collect$$rtexit$$00000004  c_w.l(rtexit2.o)
    0x08000240   0x08000240   0x00000040   Code   RO          396    .text               startup_stm32f411xe.o
    0x08000280   0x08000280   0x00000028   Code   RO          441    .text               c_w.l(noretval__2sprintf.o)
    0x080002a8   0x080002a8   0x00000068   Code   RO          443    .text               c_w.l(__printf.o)
    0x08000310   0x08000310   0x00000078   Code   RO          445    .text               c_w.l(_printf_dec.o)
    0x08000388   0x08000388   0x00000006   Code   RO          469    .text               c_w.l(heapauxi.o)
    0x0800038e   0x0800038e   0x000000b2   Code   RO          474    .text               c_w.l(_printf_intcommon.o)
    0x08000440   0x08000440   0x00000030   Code   RO          476    .text               c_w.l(_printf_char_common.o)
    0x08000470   0x08000470   0x0000000a   Code   RO          478    .text               c_w.l(_sputc.o)
    0x0800047a   0x0800047a   0x0000004a   Code   RO          498    .text               c_w.l(sys_stackheap_outer.o)
    0x080004c4   0x080004c4   0x00000012   Code   RO          500    .text               c_w.l(exit.o)
    0x080004d6   0x080004d6   0x00000002   PAD
    0x080004d8   0x080004d8   0x00000008   Code   RO          508    .text               c_w.l(libspace.o)
    0x080004e0   0x080004e0   0x0000000c   Code   RO          569    .text               c_w.l(sys_exit.o)
    0x080004ec   0x080004ec   0x00000002   Code   RO          580    .text               c_w.l(use_no_semi.o)
    0x080004ee   0x080004ee   0x00000000   Code   RO          582    .text               c_w.l(indicate_semi.o)
    0x080004ee   0x080004ee   0x00000002   PAD
    0x080004f0   0x080004f0   0x000000f8   Code   RO          129    i.ST7735_DrawCharS  glcd_st7735.o
    0x080005e8   0x080005e8   0x00000048   Code   RO          132    i.ST7735_DrawPixel  glcd_st7735.o
    0x08000630   0x08000630   0x00000054   Code   RO          133    i.ST7735_DrawString  glcd_st7735.o
    0x08000684   0x08000684   0x000000ac   Code   RO          135    i.ST7735_FillRect   glcd_st7735.o
    0x08000730   0x08000730   0x00000024   Code   RO          136    i.ST7735_FillScreen  glcd_st7735.o
    0x08000754   0x08000754   0x00000028   Code   RO          137    i.ST7735_GPIO_Init  glcd_st7735.o
    0x0800077c   0x0800077c   0x00000010   Code   RO          138    i.ST7735_Init       glcd_st7735.o
    0x0800078c   0x0800078c   0x00000008   Code   RO          145    i.ST7735_SPI_Init   glcd_st7735.o
    0x08000794   0x08000794   0x000000ec   Code   RO          372    i.SysClockConfig    sysclockconfig.o
    0x08000880   0x08000880   0x00000064   Code   RO          404    i.SystemInit        system_stm32f4xx.o
    0x080008e4   0x080008e4   0x00000038   Code   RO           87    i.delay             delay.o
    0x0800091c   0x0800091c   0x00000034   Code   RO           88    i.delayuS           delay.o
    0x08000950   0x08000950   0x00000070   Code   RO            4    i.encoder_init      main.o
    0x080009c0   0x080009c0   0x0000001c   Code   RO          149    i.lcd7735_sendCmd   glcd_st7735.o
    0x080009dc   0x080009dc   0x0000001c   Code   RO          150    i.lcd7735_sendData  glcd_st7735.o
    0x080009f8   0x080009f8   0x0000000c   Code   RO          151    i.lcd7735_senddata  glcd_st7735.o
    0x08000a04   0x08000a04   0x000000cc   Code   RO            5    i.main              main.o
    0x08000ad0   0x08000ad0   0x00000012   Code   RO          152    i.pushColor         glcd_st7735.o
    0x08000ae2   0x08000ae2   0x00000002   PAD
    0x08000ae4   0x08000ae4   0x00000074   Code   RO          153    i.setAddrWindow     glcd_st7735.o
    0x08000b58   0x08000b58   0x00000068   Code   RO          330    i.spi_init          spi.o
    0x08000bc0   0x08000bc0   0x00000028   Code   RO          333    i.spi_write         spi.o
    0x08000be8   0x08000be8   0x00000064   Code   RO          154    i.standard_Init_Cmd  glcd_st7735.o
    0x08000c4c   0x08000c4c   0x00000024   Code   RO          155    i.writecommand      glcd_st7735.o
    0x08000c70   0x08000c70   0x00000024   Code   RO          156    i.writedata         glcd_st7735.o
    0x08000c94   0x08000c94   0x0000000a   Code   RO          567    x$fpl$fpinit        fz_wm.l(fpinit.o)
    0x08000c9e   0x08000c9e   0x000004fb   Data   RO          157    .constdata          glcd_st7735.o
    0x08001199   0x08001199   0x00000003   PAD
    0x0800119c   0x0800119c   0x00000020   Data   RO          637    Region$$Table       anon$$obj.o


    Execution Region RW_IRAM1 (Exec base: 0x20000000, Load base: 0x080011bc, Size: 0x000006b0, Max: 0x00020000, ABSOLUTE)

    Exec Addr    Load Addr    Size         Type   Attr      Idx    E Section Name        Object

    0x20000000   0x080011bc   0x00000010   Data   RW            8    .data               main.o
    0x20000010   0x080011cc   0x0000002c   Data   RW          158    .data               glcd_st7735.o
    0x2000003c        -       0x00000014   Zero   RW            6    .bss                main.o
    0x20000050        -       0x00000060   Zero   RW          509    .bss                c_w.l(libspace.o)
    0x200000b0        -       0x00000200   Zero   RW          394    HEAP                startup_stm32f411xe.o
    0x200002b0        -       0x00000400   Zero   RW          393    STACK               startup_stm32f411xe.o


==============================================================================

Image component sizes


      Code (inc. data)   RO Data    RW Data    ZI Data      Debug   Object Name

       108          4          0          0          0       1014   delay.o
      1050         82       1275         44          0      10120   glcd_st7735.o
       316         58          0         16         20       7138   main.o
       144         24          0          0          0        931   spi.o
        64         26        408          0       1536        876   startup_stm32f411xe.o
       236         18          0          0          0        937   sysclockconfig.o
       100         18          0          0          0        537   system_stm32f4xx.o

    ----------------------------------------------------------------------
      2020        230       1718         60       1556      21553   Object Totals
         0          0         32          0          0          0   (incl. Generated)
         2          0          3          0          0          0   (incl. Padding)

    ----------------------------------------------------------------------

      Code (inc. data)   RO Data    RW Data    ZI Data      Debug   Library Member Name

         8          0          0          0          0         68   __main.o
       104          0          0          0          0         84   __printf.o
         0          0          0          0          0          0   __rtentry.o
        12          0          0          0          0          0   __rtentry2.o
         6          0          0          0          0          0   __rtentry4.o
        52          8          0          0          0          0   __scatter.o
        26          0          0          0          0          0   __scatter_copy.o
        28          0          0          0          0          0   __scatter_zi.o
        48          6          0          0          0         96   _printf_char_common.o
       120         16          0          0          0         92   _printf_dec.o
       178          0          0          0          0         88   _printf_intcommon.o
         0          0          0          0          0          0   _printf_percent.o
         4          0          0          0          0          0   _printf_percent_end.o
         6          0          0          0          0          0   _printf_u.o
        10          0          0          0          0         68   _sputc.o
        18          0          0          0          0         80   exit.o
         6          0          0          0          0        152   heapauxi.o
         0          0          0          0          0          0   indicate_semi.o
         2          0          0          0          0          0   libinit.o
         6          0          0          0          0          0   libinit2.o
         2          0          0          0          0          0   libshutdown.o
         2          0          0          0          0          0   libshutdown2.o
         8          4          0          0         96         68   libspace.o
        40          6          0          0          0         84   noretval__2sprintf.o
         2          0          0          0          0          0   rtexit.o
        10          0          0          0          0          0   rtexit2.o
        12          4          0          0          0         68   sys_exit.o
        74          0          0          0          0         80   sys_stackheap_outer.o
         2          0          0          0          0         68   use_no_semi.o
        10          0          0          0          0        116   fpinit.o

    ----------------------------------------------------------------------
       802         44          0          0         96       1212   Library Totals
         6          0          0          0          0          0   (incl. Padding)

    ----------------------------------------------------------------------

      Code (inc. data)   RO Data    RW Data    ZI Data      Debug   Library Name

       786         44          0          0         96       1096   c_w.l
        10          0          0          0          0        116   fz_wm.l

    ----------------------------------------------------------------------
       802         44          0          0         96       1212   Library Totals

    ----------------------------------------------------------------------

==============================================================================


      Code (inc. data)   RO Data    RW Data    ZI Data      Debug   

      2822        274       1718         60       1652      20197   Grand Totals
      2822        274       1718         60       1652      20197   ELF Image Totals
      2822        274       1718         60          0          0   ROM Totals

==============================================================================

    Total RO  Size (Code + RO Data)                 4540 (   4.43kB)
    Total RW  Size (RW Data + ZI Data)              1712 (   1.67kB)
    Total ROM Size (Code + RO Data + RW Data)       4600 (   4.49kB)

==============================================================================

